// Jest Snapshot v1, https://goo.gl/fbAQLP

exports[`EoQuizPage snapshot 1`] = `
<DocumentFragment>
  <div
    class="_StyledDiv10-sc-1jjm186-15 eFLVsO"
  >
    <div
      class="_StyledDiv11-sc-1jjm186-16 kdbTGm"
    >
      Eo Quiz
    </div>
    <div
      class="_StyledDiv12-sc-1jjm186-17 duWDCA"
    >
      <div
        class="_StyledDiv9-sc-1jjm186-14 gImQzd"
      >
        <div
          class="_StyledDiv-sc-1jjm186-6 jaHydh _StyledFace-sc-1jjm186-5 kQvCgZ"
        >
          <div
            class="_StyledDiv8-sc-1jjm186-13 jIABth"
          />
          <div
            class="_StyledDiv4-sc-1jjm186-9 cuoSPF"
          />
          <div
            class="_StyledDiv8-sc-1jjm186-13 jIABth"
          />
          <div
            class="_StyledDiv8-sc-1jjm186-13 jIABth"
          />
          <div
            class="_StyledDiv8-sc-1jjm186-13 jIABth"
          />
          <div
            class="_StyledDiv8-sc-1jjm186-13 jIABth"
          />
          <div
            class="_StyledDiv8-sc-1jjm186-13 jIABth"
          />
          <div
            class="_StyledDiv8-sc-1jjm186-13 jIABth"
          />
          <div
            class="_StyledDiv3-sc-1jjm186-8 gTZgnG"
          />
        </div>
        <div
          class="_StyledDiv-sc-1jjm186-6 jaHydh _StyledFace2-sc-1jjm186-4 hnxmZz"
        >
          <div
            class="_StyledDiv7-sc-1jjm186-12 cZfOCT"
          />
          <div
            class="_StyledDiv7-sc-1jjm186-12 cZfOCT"
          />
          <div
            class="_StyledDiv8-sc-1jjm186-13 jIABth"
          />
          <div
            class="_StyledDiv7-sc-1jjm186-12 cZfOCT"
          />
          <div
            class="_StyledDiv7-sc-1jjm186-12 cZfOCT"
          />
          <div
            class="_StyledDiv7-sc-1jjm186-12 cZfOCT"
          />
          <div
            class="_StyledDiv7-sc-1jjm186-12 cZfOCT"
          />
          <div
            class="_StyledDiv7-sc-1jjm186-12 cZfOCT"
          />
          <div
            class="_StyledDiv7-sc-1jjm186-12 cZfOCT"
          />
        </div>
        <div
          class="_StyledDiv-sc-1jjm186-6 jaHydh _StyledFace3-sc-1jjm186-3 bRuwtd"
        >
          <div
            class="_StyledDiv4-sc-1jjm186-9 cuoSPF"
          />
          <div
            class="_StyledDiv8-sc-1jjm186-13 jIABth"
          />
          <div
            class="_StyledDiv8-sc-1jjm186-13 jIABth"
          />
          <div
            class="_StyledDiv8-sc-1jjm186-13 jIABth"
          />
          <div
            class="_StyledDiv4-sc-1jjm186-9 cuoSPF"
          />
          <div
            class="_StyledDiv4-sc-1jjm186-9 cuoSPF"
          />
          <div
            class="_StyledDiv8-sc-1jjm186-13 jIABth"
          />
          <div
            class="_StyledDiv4-sc-1jjm186-9 cuoSPF"
          />
          <div
            class="_StyledDiv4-sc-1jjm186-9 cuoSPF"
          />
        </div>
        <div
          class="_StyledDiv-sc-1jjm186-6 jaHydh _StyledFace4-sc-1jjm186-2 chluhO"
        >
          <div
            class="_StyledDiv8-sc-1jjm186-13 jIABth"
          />
          <div
            class="_StyledDiv8-sc-1jjm186-13 jIABth"
          />
          <div
            class="_StyledDiv8-sc-1jjm186-13 jIABth"
          />
          <div
            class="_StyledDiv8-sc-1jjm186-13 jIABth"
          />
          <div
            class="_StyledDiv8-sc-1jjm186-13 jIABth"
          />
          <div
            class="_StyledDiv8-sc-1jjm186-13 jIABth"
          />
          <div
            class="_StyledDiv8-sc-1jjm186-13 jIABth"
          />
          <div
            class="_StyledDiv8-sc-1jjm186-13 jIABth"
          />
          <div
            class="_StyledDiv8-sc-1jjm186-13 jIABth"
          />
        </div>
        <div
          class="_StyledDiv-sc-1jjm186-6 jaHydh _StyledFace5-sc-1jjm186-1 dExtJj"
        >
          <div
            class="_StyledDiv8-sc-1jjm186-13 jIABth"
          />
          <div
            class="_StyledDiv8-sc-1jjm186-13 jIABth"
          />
          <div
            class="_StyledDiv7-sc-1jjm186-12 cZfOCT"
          />
          <div
            class="_StyledDiv3-sc-1jjm186-8 gTZgnG"
          />
          <div
            class="_StyledDiv3-sc-1jjm186-8 gTZgnG"
          />
          <div
            class="_StyledDiv8-sc-1jjm186-13 jIABth"
          />
          <div
            class="_StyledDiv3-sc-1jjm186-8 gTZgnG"
          />
          <div
            class="_StyledDiv3-sc-1jjm186-8 gTZgnG"
          />
          <div
            class="_StyledDiv8-sc-1jjm186-13 jIABth"
          />
        </div>
        <div
          class="_StyledDiv-sc-1jjm186-6 jaHydh _StyledFace6-sc-1jjm186-0 hYryjg"
        >
          <div
            class="_StyledDiv8-sc-1jjm186-13 jIABth"
          />
          <div
            class="_StyledDiv8-sc-1jjm186-13 jIABth"
          />
          <div
            class="_StyledDiv8-sc-1jjm186-13 jIABth"
          />
          <div
            class="_StyledDiv8-sc-1jjm186-13 jIABth"
          />
          <div
            class="_StyledDiv8-sc-1jjm186-13 jIABth"
          />
          <div
            class="_StyledDiv8-sc-1jjm186-13 jIABth"
          />
          <div
            class="_StyledDiv8-sc-1jjm186-13 jIABth"
          />
          <div
            class="_StyledDiv3-sc-1jjm186-8 gTZgnG"
          />
          <div
            class="_StyledDiv8-sc-1jjm186-13 jIABth"
          />
        </div>
      </div>
    </div>
    <div>
      <br />
    </div>
    <div
      class="_StyledDiv13-sc-1jjm186-18 ekbraN"
    >
      <button
        class="Button-sc-5ehw98-0 SecondaryButtonRaw-sc-ywfbxf-0 iuRQrk jeUEZm"
      >
        <svg
          aria-hidden="true"
          class="svg-inline--fa fa-check "
          data-icon="check"
          data-prefix="fas"
          focusable="false"
          role="img"
          viewBox="0 0 448 512"
          xmlns="http://www.w3.org/2000/svg"
        >
          <path
            d="M438.6 105.4C451.1 117.9 451.1 138.1 438.6 150.6L182.6 406.6C170.1 419.1 149.9 419.1 137.4 406.6L9.372 278.6C-3.124 266.1-3.124 245.9 9.372 233.4C21.87 220.9 42.13 220.9 54.63 233.4L159.1 338.7L393.4 105.4C405.9 92.88 426.1 92.88 438.6 105.4H438.6z"
            fill="currentColor"
          />
        </svg>
        合っている
      </button>
      <button
        class="Button-sc-5ehw98-0 SecondaryButtonRaw-sc-ywfbxf-0 iuRQrk jeUEZm"
      >
        <svg
          aria-hidden="true"
          class="svg-inline--fa fa-xmark "
          data-icon="xmark"
          data-prefix="fas"
          focusable="false"
          role="img"
          viewBox="0 0 320 512"
          xmlns="http://www.w3.org/2000/svg"
        >
          <path
            d="M310.6 361.4c12.5 12.5 12.5 32.75 0 45.25C304.4 412.9 296.2 416 288 416s-16.38-3.125-22.62-9.375L160 301.3L54.63 406.6C48.38 412.9 40.19 416 32 416S15.63 412.9 9.375 406.6c-12.5-12.5-12.5-32.75 0-45.25l105.4-105.4L9.375 150.6c-12.5-12.5-12.5-32.75 0-45.25s32.75-12.5 45.25 0L160 210.8l105.4-105.4c12.5-12.5 32.75-12.5 45.25 0s12.5 32.75 0 45.25l-105.4 105.4L310.6 361.4z"
            fill="currentColor"
          />
        </svg>
        合っていない
      </button>
    </div>
    <div>
      矢印キー(←/→)でも解答可能
    </div>
    <details
      class="_StyledDetails-sc-1jjm186-19 fLavsl"
    >
      <summary>
        <svg
          aria-hidden="true"
          class="svg-inline--fa fa-gear "
          data-icon="gear"
          data-prefix="fas"
          focusable="false"
          role="img"
          viewBox="0 0 512 512"
          xmlns="http://www.w3.org/2000/svg"
        >
          <path
            d="M495.9 166.6C499.2 175.2 496.4 184.9 489.6 191.2L446.3 230.6C447.4 238.9 448 247.4 448 256C448 264.6 447.4 273.1 446.3 281.4L489.6 320.8C496.4 327.1 499.2 336.8 495.9 345.4C491.5 357.3 486.2 368.8 480.2 379.7L475.5 387.8C468.9 398.8 461.5 409.2 453.4 419.1C447.4 426.2 437.7 428.7 428.9 425.9L373.2 408.1C359.8 418.4 344.1 427 329.2 433.6L316.7 490.7C314.7 499.7 307.7 506.1 298.5 508.5C284.7 510.8 270.5 512 255.1 512C241.5 512 227.3 510.8 213.5 508.5C204.3 506.1 197.3 499.7 195.3 490.7L182.8 433.6C167 427 152.2 418.4 138.8 408.1L83.14 425.9C74.3 428.7 64.55 426.2 58.63 419.1C50.52 409.2 43.12 398.8 36.52 387.8L31.84 379.7C25.77 368.8 20.49 357.3 16.06 345.4C12.82 336.8 15.55 327.1 22.41 320.8L65.67 281.4C64.57 273.1 64 264.6 64 256C64 247.4 64.57 238.9 65.67 230.6L22.41 191.2C15.55 184.9 12.82 175.3 16.06 166.6C20.49 154.7 25.78 143.2 31.84 132.3L36.51 124.2C43.12 113.2 50.52 102.8 58.63 92.95C64.55 85.8 74.3 83.32 83.14 86.14L138.8 103.9C152.2 93.56 167 84.96 182.8 78.43L195.3 21.33C197.3 12.25 204.3 5.04 213.5 3.51C227.3 1.201 241.5 0 256 0C270.5 0 284.7 1.201 298.5 3.51C307.7 5.04 314.7 12.25 316.7 21.33L329.2 78.43C344.1 84.96 359.8 93.56 373.2 103.9L428.9 86.14C437.7 83.32 447.4 85.8 453.4 92.95C461.5 102.8 468.9 113.2 475.5 124.2L480.2 132.3C486.2 143.2 491.5 154.7 495.9 166.6V166.6zM256 336C300.2 336 336 300.2 336 255.1C336 211.8 300.2 175.1 256 175.1C211.8 175.1 176 211.8 176 255.1C176 300.2 211.8 336 256 336z"
            fill="currentColor"
          />
        </svg>
        options
      </summary>
      <span>
        <label
          class="_StyledLabel-sc-i5gb2v-0 GFwcx toggle-btn"
        >
          <input
            class="_StyledInput-sc-i5gb2v-1 wNxyj"
            type="checkbox"
          />
          側面をランダムに選ぶ
        </label>
      </span>
      <span>
        <label
          class="_StyledLabel-sc-i5gb2v-0 GFwcx toggle-btn"
        >
          <input
            class="_StyledInput-sc-i5gb2v-1 wNxyj"
            type="checkbox"
          />
          フルカラーにする
        </label>
      </span>
      <span>
        クロス色: 
        <select
          class="_StyledSelect-sc-1jjm186-20 jNXJKA"
        >
          <option
            class="_StyledOption-sc-1jjm186-21 jvKZtA"
            value="W"
          >
            white
          </option>
          <option
            class="_StyledOption2-sc-1jjm186-22 eJlqN"
            value="G"
          >
            green
          </option>
          <option
            class="_StyledOption3-sc-1jjm186-23 bPvFEp"
            value="R"
          >
            red
          </option>
          <option
            class="_StyledOption4-sc-1jjm186-24 mBEEF"
            value="B"
          >
            blue
          </option>
          <option
            class="_StyledOption5-sc-1jjm186-25 ecDKWx"
            value="O"
          >
            orange
          </option>
          <option
            class="_StyledOption6-sc-1jjm186-26 fUGdQF"
            value="Y"
          >
            yellow
          </option>
          );
        </select>
      </span>
    </details>
    <div
      class="_StyledDiv14-sc-1jjm186-27 iwHrgD"
    >
      説明:
      <br />
      F2L のエッジの向き(EO)が合っているかどうか当てるクイズアプリです。
      <br />
      基本的なF2Lのみ出題しています。
    </div>
  </div>
</DocumentFragment>
`;

exports[`EoQuizPage snapshot 2`] = `
<DocumentFragment>
  <div
    class="_StyledDiv10-sc-1jjm186-15 eFLVsO"
  >
    <div
      class="_StyledDiv11-sc-1jjm186-16 kdbTGm"
    >
      Eo Quiz
    </div>
    <div
      class="_StyledDiv12-sc-1jjm186-17 duWDCA"
    >
      <div
        class="_StyledDiv9-sc-1jjm186-14 gImQzd"
      >
        <div
          class="_StyledDiv-sc-1jjm186-6 jaHydh _StyledFace-sc-1jjm186-5 kQvCgZ"
        >
          <div
            class="_StyledDiv8-sc-1jjm186-13 jIABth"
          />
          <div
            class="_StyledDiv4-sc-1jjm186-9 cuoSPF"
          />
          <div
            class="_StyledDiv8-sc-1jjm186-13 jIABth"
          />
          <div
            class="_StyledDiv8-sc-1jjm186-13 jIABth"
          />
          <div
            class="_StyledDiv8-sc-1jjm186-13 jIABth"
          />
          <div
            class="_StyledDiv8-sc-1jjm186-13 jIABth"
          />
          <div
            class="_StyledDiv8-sc-1jjm186-13 jIABth"
          />
          <div
            class="_StyledDiv8-sc-1jjm186-13 jIABth"
          />
          <div
            class="_StyledDiv3-sc-1jjm186-8 gTZgnG"
          />
        </div>
        <div
          class="_StyledDiv-sc-1jjm186-6 jaHydh _StyledFace2-sc-1jjm186-4 hnxmZz"
        >
          <div
            class="_StyledDiv7-sc-1jjm186-12 cZfOCT"
          />
          <div
            class="_StyledDiv7-sc-1jjm186-12 cZfOCT"
          />
          <div
            class="_StyledDiv8-sc-1jjm186-13 jIABth"
          />
          <div
            class="_StyledDiv7-sc-1jjm186-12 cZfOCT"
          />
          <div
            class="_StyledDiv7-sc-1jjm186-12 cZfOCT"
          />
          <div
            class="_StyledDiv7-sc-1jjm186-12 cZfOCT"
          />
          <div
            class="_StyledDiv7-sc-1jjm186-12 cZfOCT"
          />
          <div
            class="_StyledDiv7-sc-1jjm186-12 cZfOCT"
          />
          <div
            class="_StyledDiv7-sc-1jjm186-12 cZfOCT"
          />
        </div>
        <div
          class="_StyledDiv-sc-1jjm186-6 jaHydh _StyledFace3-sc-1jjm186-3 bRuwtd"
        >
          <div
            class="_StyledDiv4-sc-1jjm186-9 cuoSPF"
          />
          <div
            class="_StyledDiv8-sc-1jjm186-13 jIABth"
          />
          <div
            class="_StyledDiv8-sc-1jjm186-13 jIABth"
          />
          <div
            class="_StyledDiv8-sc-1jjm186-13 jIABth"
          />
          <div
            class="_StyledDiv4-sc-1jjm186-9 cuoSPF"
          />
          <div
            class="_StyledDiv4-sc-1jjm186-9 cuoSPF"
          />
          <div
            class="_StyledDiv8-sc-1jjm186-13 jIABth"
          />
          <div
            class="_StyledDiv4-sc-1jjm186-9 cuoSPF"
          />
          <div
            class="_StyledDiv4-sc-1jjm186-9 cuoSPF"
          />
        </div>
        <div
          class="_StyledDiv-sc-1jjm186-6 jaHydh _StyledFace4-sc-1jjm186-2 chluhO"
        >
          <div
            class="_StyledDiv8-sc-1jjm186-13 jIABth"
          />
          <div
            class="_StyledDiv8-sc-1jjm186-13 jIABth"
          />
          <div
            class="_StyledDiv8-sc-1jjm186-13 jIABth"
          />
          <div
            class="_StyledDiv8-sc-1jjm186-13 jIABth"
          />
          <div
            class="_StyledDiv8-sc-1jjm186-13 jIABth"
          />
          <div
            class="_StyledDiv8-sc-1jjm186-13 jIABth"
          />
          <div
            class="_StyledDiv8-sc-1jjm186-13 jIABth"
          />
          <div
            class="_StyledDiv8-sc-1jjm186-13 jIABth"
          />
          <div
            class="_StyledDiv8-sc-1jjm186-13 jIABth"
          />
        </div>
        <div
          class="_StyledDiv-sc-1jjm186-6 jaHydh _StyledFace5-sc-1jjm186-1 dExtJj"
        >
          <div
            class="_StyledDiv8-sc-1jjm186-13 jIABth"
          />
          <div
            class="_StyledDiv8-sc-1jjm186-13 jIABth"
          />
          <div
            class="_StyledDiv7-sc-1jjm186-12 cZfOCT"
          />
          <div
            class="_StyledDiv3-sc-1jjm186-8 gTZgnG"
          />
          <div
            class="_StyledDiv3-sc-1jjm186-8 gTZgnG"
          />
          <div
            class="_StyledDiv8-sc-1jjm186-13 jIABth"
          />
          <div
            class="_StyledDiv3-sc-1jjm186-8 gTZgnG"
          />
          <div
            class="_StyledDiv3-sc-1jjm186-8 gTZgnG"
          />
          <div
            class="_StyledDiv8-sc-1jjm186-13 jIABth"
          />
        </div>
        <div
          class="_StyledDiv-sc-1jjm186-6 jaHydh _StyledFace6-sc-1jjm186-0 hYryjg"
        >
          <div
            class="_StyledDiv8-sc-1jjm186-13 jIABth"
          />
          <div
            class="_StyledDiv8-sc-1jjm186-13 jIABth"
          />
          <div
            class="_StyledDiv8-sc-1jjm186-13 jIABth"
          />
          <div
            class="_StyledDiv8-sc-1jjm186-13 jIABth"
          />
          <div
            class="_StyledDiv8-sc-1jjm186-13 jIABth"
          />
          <div
            class="_StyledDiv8-sc-1jjm186-13 jIABth"
          />
          <div
            class="_StyledDiv8-sc-1jjm186-13 jIABth"
          />
          <div
            class="_StyledDiv3-sc-1jjm186-8 gTZgnG"
          />
          <div
            class="_StyledDiv8-sc-1jjm186-13 jIABth"
          />
        </div>
      </div>
    </div>
    <div>
      正解！
    </div>
    <div
      class="_StyledDiv13-sc-1jjm186-18 ekbraN"
    >
      <button
        class="Button-sc-5ehw98-0 SecondaryButtonRaw-sc-ywfbxf-0 iuRQrk jeUEZm"
      >
        <svg
          aria-hidden="true"
          class="svg-inline--fa fa-check "
          data-icon="check"
          data-prefix="fas"
          focusable="false"
          role="img"
          viewBox="0 0 448 512"
          xmlns="http://www.w3.org/2000/svg"
        >
          <path
            d="M438.6 105.4C451.1 117.9 451.1 138.1 438.6 150.6L182.6 406.6C170.1 419.1 149.9 419.1 137.4 406.6L9.372 278.6C-3.124 266.1-3.124 245.9 9.372 233.4C21.87 220.9 42.13 220.9 54.63 233.4L159.1 338.7L393.4 105.4C405.9 92.88 426.1 92.88 438.6 105.4H438.6z"
            fill="currentColor"
          />
        </svg>
        合っている
      </button>
      <button
        class="Button-sc-5ehw98-0 SecondaryButtonRaw-sc-ywfbxf-0 iuRQrk jeUEZm"
      >
        <svg
          aria-hidden="true"
          class="svg-inline--fa fa-xmark "
          data-icon="xmark"
          data-prefix="fas"
          focusable="false"
          role="img"
          viewBox="0 0 320 512"
          xmlns="http://www.w3.org/2000/svg"
        >
          <path
            d="M310.6 361.4c12.5 12.5 12.5 32.75 0 45.25C304.4 412.9 296.2 416 288 416s-16.38-3.125-22.62-9.375L160 301.3L54.63 406.6C48.38 412.9 40.19 416 32 416S15.63 412.9 9.375 406.6c-12.5-12.5-12.5-32.75 0-45.25l105.4-105.4L9.375 150.6c-12.5-12.5-12.5-32.75 0-45.25s32.75-12.5 45.25 0L160 210.8l105.4-105.4c12.5-12.5 32.75-12.5 45.25 0s12.5 32.75 0 45.25l-105.4 105.4L310.6 361.4z"
            fill="currentColor"
          />
        </svg>
        合っていない
      </button>
    </div>
    <div>
      矢印キー(←/→)でも解答可能
    </div>
    <details
      class="_StyledDetails-sc-1jjm186-19 fLavsl"
    >
      <summary>
        <svg
          aria-hidden="true"
          class="svg-inline--fa fa-gear "
          data-icon="gear"
          data-prefix="fas"
          focusable="false"
          role="img"
          viewBox="0 0 512 512"
          xmlns="http://www.w3.org/2000/svg"
        >
          <path
            d="M495.9 166.6C499.2 175.2 496.4 184.9 489.6 191.2L446.3 230.6C447.4 238.9 448 247.4 448 256C448 264.6 447.4 273.1 446.3 281.4L489.6 320.8C496.4 327.1 499.2 336.8 495.9 345.4C491.5 357.3 486.2 368.8 480.2 379.7L475.5 387.8C468.9 398.8 461.5 409.2 453.4 419.1C447.4 426.2 437.7 428.7 428.9 425.9L373.2 408.1C359.8 418.4 344.1 427 329.2 433.6L316.7 490.7C314.7 499.7 307.7 506.1 298.5 508.5C284.7 510.8 270.5 512 255.1 512C241.5 512 227.3 510.8 213.5 508.5C204.3 506.1 197.3 499.7 195.3 490.7L182.8 433.6C167 427 152.2 418.4 138.8 408.1L83.14 425.9C74.3 428.7 64.55 426.2 58.63 419.1C50.52 409.2 43.12 398.8 36.52 387.8L31.84 379.7C25.77 368.8 20.49 357.3 16.06 345.4C12.82 336.8 15.55 327.1 22.41 320.8L65.67 281.4C64.57 273.1 64 264.6 64 256C64 247.4 64.57 238.9 65.67 230.6L22.41 191.2C15.55 184.9 12.82 175.3 16.06 166.6C20.49 154.7 25.78 143.2 31.84 132.3L36.51 124.2C43.12 113.2 50.52 102.8 58.63 92.95C64.55 85.8 74.3 83.32 83.14 86.14L138.8 103.9C152.2 93.56 167 84.96 182.8 78.43L195.3 21.33C197.3 12.25 204.3 5.04 213.5 3.51C227.3 1.201 241.5 0 256 0C270.5 0 284.7 1.201 298.5 3.51C307.7 5.04 314.7 12.25 316.7 21.33L329.2 78.43C344.1 84.96 359.8 93.56 373.2 103.9L428.9 86.14C437.7 83.32 447.4 85.8 453.4 92.95C461.5 102.8 468.9 113.2 475.5 124.2L480.2 132.3C486.2 143.2 491.5 154.7 495.9 166.6V166.6zM256 336C300.2 336 336 300.2 336 255.1C336 211.8 300.2 175.1 256 175.1C211.8 175.1 176 211.8 176 255.1C176 300.2 211.8 336 256 336z"
            fill="currentColor"
          />
        </svg>
        options
      </summary>
      <span>
        <label
          class="_StyledLabel-sc-i5gb2v-0 GFwcx toggle-btn"
        >
          <input
            class="_StyledInput-sc-i5gb2v-1 wNxyj"
            type="checkbox"
          />
          側面をランダムに選ぶ
        </label>
      </span>
      <span>
        <label
          class="_StyledLabel-sc-i5gb2v-0 GFwcx toggle-btn"
        >
          <input
            class="_StyledInput-sc-i5gb2v-1 wNxyj"
            type="checkbox"
          />
          フルカラーにする
        </label>
      </span>
      <span>
        クロス色: 
        <select
          class="_StyledSelect-sc-1jjm186-20 jNXJKA"
        >
          <option
            class="_StyledOption-sc-1jjm186-21 jvKZtA"
            value="W"
          >
            white
          </option>
          <option
            class="_StyledOption2-sc-1jjm186-22 eJlqN"
            value="G"
          >
            green
          </option>
          <option
            class="_StyledOption3-sc-1jjm186-23 bPvFEp"
            value="R"
          >
            red
          </option>
          <option
            class="_StyledOption4-sc-1jjm186-24 mBEEF"
            value="B"
          >
            blue
          </option>
          <option
            class="_StyledOption5-sc-1jjm186-25 ecDKWx"
            value="O"
          >
            orange
          </option>
          <option
            class="_StyledOption6-sc-1jjm186-26 fUGdQF"
            value="Y"
          >
            yellow
          </option>
          );
        </select>
      </span>
    </details>
    <div
      class="_StyledDiv14-sc-1jjm186-27 iwHrgD"
    >
      説明:
      <br />
      F2L のエッジの向き(EO)が合っているかどうか当てるクイズアプリです。
      <br />
      基本的なF2Lのみ出題しています。
    </div>
  </div>
</DocumentFragment>
`;

exports[`EoQuizPage snapshot 3`] = `
<DocumentFragment>
  <div
    class="_StyledDiv10-sc-1jjm186-15 eFLVsO"
  >
    <div
      class="_StyledDiv11-sc-1jjm186-16 kdbTGm"
    >
      Eo Quiz
    </div>
    <div
      class="_StyledDiv12-sc-1jjm186-17 duWDCA"
    >
      <div
        class="_StyledDiv9-sc-1jjm186-14 gImQzd"
      >
        <div
          class="_StyledDiv-sc-1jjm186-6 jaHydh _StyledFace-sc-1jjm186-5 kQvCgZ"
        >
          <div
            class="_StyledDiv8-sc-1jjm186-13 jIABth"
          />
          <div
            class="_StyledDiv8-sc-1jjm186-13 jIABth"
          />
          <div
            class="_StyledDiv8-sc-1jjm186-13 jIABth"
          />
          <div
            class="_StyledDiv8-sc-1jjm186-13 jIABth"
          />
          <div
            class="_StyledDiv8-sc-1jjm186-13 jIABth"
          />
          <div
            class="_StyledDiv8-sc-1jjm186-13 jIABth"
          />
          <div
            class="_StyledDiv8-sc-1jjm186-13 jIABth"
          />
          <div
            class="_StyledDiv8-sc-1jjm186-13 jIABth"
          />
          <div
            class="_StyledDiv3-sc-1jjm186-8 gTZgnG"
          />
        </div>
        <div
          class="_StyledDiv-sc-1jjm186-6 jaHydh _StyledFace2-sc-1jjm186-4 hnxmZz"
        >
          <div
            class="_StyledDiv7-sc-1jjm186-12 cZfOCT"
          />
          <div
            class="_StyledDiv7-sc-1jjm186-12 cZfOCT"
          />
          <div
            class="_StyledDiv8-sc-1jjm186-13 jIABth"
          />
          <div
            class="_StyledDiv7-sc-1jjm186-12 cZfOCT"
          />
          <div
            class="_StyledDiv7-sc-1jjm186-12 cZfOCT"
          />
          <div
            class="_StyledDiv7-sc-1jjm186-12 cZfOCT"
          />
          <div
            class="_StyledDiv7-sc-1jjm186-12 cZfOCT"
          />
          <div
            class="_StyledDiv7-sc-1jjm186-12 cZfOCT"
          />
          <div
            class="_StyledDiv7-sc-1jjm186-12 cZfOCT"
          />
        </div>
        <div
          class="_StyledDiv-sc-1jjm186-6 jaHydh _StyledFace3-sc-1jjm186-3 bRuwtd"
        >
          <div
            class="_StyledDiv4-sc-1jjm186-9 cuoSPF"
          />
          <div
            class="_StyledDiv8-sc-1jjm186-13 jIABth"
          />
          <div
            class="_StyledDiv8-sc-1jjm186-13 jIABth"
          />
          <div
            class="_StyledDiv4-sc-1jjm186-9 cuoSPF"
          />
          <div
            class="_StyledDiv4-sc-1jjm186-9 cuoSPF"
          />
          <div
            class="_StyledDiv4-sc-1jjm186-9 cuoSPF"
          />
          <div
            class="_StyledDiv8-sc-1jjm186-13 jIABth"
          />
          <div
            class="_StyledDiv4-sc-1jjm186-9 cuoSPF"
          />
          <div
            class="_StyledDiv4-sc-1jjm186-9 cuoSPF"
          />
        </div>
        <div
          class="_StyledDiv-sc-1jjm186-6 jaHydh _StyledFace4-sc-1jjm186-2 chluhO"
        >
          <div
            class="_StyledDiv8-sc-1jjm186-13 jIABth"
          />
          <div
            class="_StyledDiv8-sc-1jjm186-13 jIABth"
          />
          <div
            class="_StyledDiv8-sc-1jjm186-13 jIABth"
          />
          <div
            class="_StyledDiv8-sc-1jjm186-13 jIABth"
          />
          <div
            class="_StyledDiv8-sc-1jjm186-13 jIABth"
          />
          <div
            class="_StyledDiv8-sc-1jjm186-13 jIABth"
          />
          <div
            class="_StyledDiv8-sc-1jjm186-13 jIABth"
          />
          <div
            class="_StyledDiv8-sc-1jjm186-13 jIABth"
          />
          <div
            class="_StyledDiv8-sc-1jjm186-13 jIABth"
          />
        </div>
        <div
          class="_StyledDiv-sc-1jjm186-6 jaHydh _StyledFace5-sc-1jjm186-1 dExtJj"
        >
          <div
            class="_StyledDiv8-sc-1jjm186-13 jIABth"
          />
          <div
            class="_StyledDiv8-sc-1jjm186-13 jIABth"
          />
          <div
            class="_StyledDiv7-sc-1jjm186-12 cZfOCT"
          />
          <div
            class="_StyledDiv3-sc-1jjm186-8 gTZgnG"
          />
          <div
            class="_StyledDiv3-sc-1jjm186-8 gTZgnG"
          />
          <div
            class="_StyledDiv3-sc-1jjm186-8 gTZgnG"
          />
          <div
            class="_StyledDiv3-sc-1jjm186-8 gTZgnG"
          />
          <div
            class="_StyledDiv3-sc-1jjm186-8 gTZgnG"
          />
          <div
            class="_StyledDiv8-sc-1jjm186-13 jIABth"
          />
        </div>
        <div
          class="_StyledDiv-sc-1jjm186-6 jaHydh _StyledFace6-sc-1jjm186-0 hYryjg"
        >
          <div
            class="_StyledDiv8-sc-1jjm186-13 jIABth"
          />
          <div
            class="_StyledDiv8-sc-1jjm186-13 jIABth"
          />
          <div
            class="_StyledDiv8-sc-1jjm186-13 jIABth"
          />
          <div
            class="_StyledDiv8-sc-1jjm186-13 jIABth"
          />
          <div
            class="_StyledDiv8-sc-1jjm186-13 jIABth"
          />
          <div
            class="_StyledDiv8-sc-1jjm186-13 jIABth"
          />
          <div
            class="_StyledDiv8-sc-1jjm186-13 jIABth"
          />
          <div
            class="_StyledDiv8-sc-1jjm186-13 jIABth"
          />
          <div
            class="_StyledDiv8-sc-1jjm186-13 jIABth"
          />
        </div>
      </div>
    </div>
    <div>
      <br />
    </div>
    <div
      class="_StyledDiv13-sc-1jjm186-18 ekbraN"
    >
      <button
        class="Button-sc-5ehw98-0 SecondaryButtonRaw-sc-ywfbxf-0 iuRQrk jeUEZm"
      >
        <svg
          aria-hidden="true"
          class="svg-inline--fa fa-check "
          data-icon="check"
          data-prefix="fas"
          focusable="false"
          role="img"
          viewBox="0 0 448 512"
          xmlns="http://www.w3.org/2000/svg"
        >
          <path
            d="M438.6 105.4C451.1 117.9 451.1 138.1 438.6 150.6L182.6 406.6C170.1 419.1 149.9 419.1 137.4 406.6L9.372 278.6C-3.124 266.1-3.124 245.9 9.372 233.4C21.87 220.9 42.13 220.9 54.63 233.4L159.1 338.7L393.4 105.4C405.9 92.88 426.1 92.88 438.6 105.4H438.6z"
            fill="currentColor"
          />
        </svg>
        合っている
      </button>
      <button
        class="Button-sc-5ehw98-0 SecondaryButtonRaw-sc-ywfbxf-0 iuRQrk jeUEZm"
      >
        <svg
          aria-hidden="true"
          class="svg-inline--fa fa-xmark "
          data-icon="xmark"
          data-prefix="fas"
          focusable="false"
          role="img"
          viewBox="0 0 320 512"
          xmlns="http://www.w3.org/2000/svg"
        >
          <path
            d="M310.6 361.4c12.5 12.5 12.5 32.75 0 45.25C304.4 412.9 296.2 416 288 416s-16.38-3.125-22.62-9.375L160 301.3L54.63 406.6C48.38 412.9 40.19 416 32 416S15.63 412.9 9.375 406.6c-12.5-12.5-12.5-32.75 0-45.25l105.4-105.4L9.375 150.6c-12.5-12.5-12.5-32.75 0-45.25s32.75-12.5 45.25 0L160 210.8l105.4-105.4c12.5-12.5 32.75-12.5 45.25 0s12.5 32.75 0 45.25l-105.4 105.4L310.6 361.4z"
            fill="currentColor"
          />
        </svg>
        合っていない
      </button>
    </div>
    <div>
      矢印キー(←/→)でも解答可能
    </div>
    <details
      class="_StyledDetails-sc-1jjm186-19 fLavsl"
    >
      <summary>
        <svg
          aria-hidden="true"
          class="svg-inline--fa fa-gear "
          data-icon="gear"
          data-prefix="fas"
          focusable="false"
          role="img"
          viewBox="0 0 512 512"
          xmlns="http://www.w3.org/2000/svg"
        >
          <path
            d="M495.9 166.6C499.2 175.2 496.4 184.9 489.6 191.2L446.3 230.6C447.4 238.9 448 247.4 448 256C448 264.6 447.4 273.1 446.3 281.4L489.6 320.8C496.4 327.1 499.2 336.8 495.9 345.4C491.5 357.3 486.2 368.8 480.2 379.7L475.5 387.8C468.9 398.8 461.5 409.2 453.4 419.1C447.4 426.2 437.7 428.7 428.9 425.9L373.2 408.1C359.8 418.4 344.1 427 329.2 433.6L316.7 490.7C314.7 499.7 307.7 506.1 298.5 508.5C284.7 510.8 270.5 512 255.1 512C241.5 512 227.3 510.8 213.5 508.5C204.3 506.1 197.3 499.7 195.3 490.7L182.8 433.6C167 427 152.2 418.4 138.8 408.1L83.14 425.9C74.3 428.7 64.55 426.2 58.63 419.1C50.52 409.2 43.12 398.8 36.52 387.8L31.84 379.7C25.77 368.8 20.49 357.3 16.06 345.4C12.82 336.8 15.55 327.1 22.41 320.8L65.67 281.4C64.57 273.1 64 264.6 64 256C64 247.4 64.57 238.9 65.67 230.6L22.41 191.2C15.55 184.9 12.82 175.3 16.06 166.6C20.49 154.7 25.78 143.2 31.84 132.3L36.51 124.2C43.12 113.2 50.52 102.8 58.63 92.95C64.55 85.8 74.3 83.32 83.14 86.14L138.8 103.9C152.2 93.56 167 84.96 182.8 78.43L195.3 21.33C197.3 12.25 204.3 5.04 213.5 3.51C227.3 1.201 241.5 0 256 0C270.5 0 284.7 1.201 298.5 3.51C307.7 5.04 314.7 12.25 316.7 21.33L329.2 78.43C344.1 84.96 359.8 93.56 373.2 103.9L428.9 86.14C437.7 83.32 447.4 85.8 453.4 92.95C461.5 102.8 468.9 113.2 475.5 124.2L480.2 132.3C486.2 143.2 491.5 154.7 495.9 166.6V166.6zM256 336C300.2 336 336 300.2 336 255.1C336 211.8 300.2 175.1 256 175.1C211.8 175.1 176 211.8 176 255.1C176 300.2 211.8 336 256 336z"
            fill="currentColor"
          />
        </svg>
        options
      </summary>
      <span>
        <label
          class="_StyledLabel-sc-i5gb2v-0 GFwcx toggle-btn"
        >
          <input
            class="_StyledInput-sc-i5gb2v-1 wNxyj"
            type="checkbox"
          />
          側面をランダムに選ぶ
        </label>
      </span>
      <span>
        <label
          class="_StyledLabel-sc-i5gb2v-0 GFwcx toggle-btn"
        >
          <input
            class="_StyledInput-sc-i5gb2v-1 wNxyj"
            type="checkbox"
          />
          フルカラーにする
        </label>
      </span>
      <span>
        クロス色: 
        <select
          class="_StyledSelect-sc-1jjm186-20 jNXJKA"
        >
          <option
            class="_StyledOption-sc-1jjm186-21 jvKZtA"
            value="W"
          >
            white
          </option>
          <option
            class="_StyledOption2-sc-1jjm186-22 eJlqN"
            value="G"
          >
            green
          </option>
          <option
            class="_StyledOption3-sc-1jjm186-23 bPvFEp"
            value="R"
          >
            red
          </option>
          <option
            class="_StyledOption4-sc-1jjm186-24 mBEEF"
            value="B"
          >
            blue
          </option>
          <option
            class="_StyledOption5-sc-1jjm186-25 ecDKWx"
            value="O"
          >
            orange
          </option>
          <option
            class="_StyledOption6-sc-1jjm186-26 fUGdQF"
            value="Y"
          >
            yellow
          </option>
          );
        </select>
      </span>
    </details>
    <div
      class="_StyledDiv14-sc-1jjm186-27 iwHrgD"
    >
      説明:
      <br />
      F2L のエッジの向き(EO)が合っているかどうか当てるクイズアプリです。
      <br />
      基本的なF2Lのみ出題しています。
    </div>
  </div>
</DocumentFragment>
`;
